Script started on 2023-11-29 14:35:39+05:30 [TERM="xterm-256color" TTY="/dev/pts/0" COLUMNS="148" LINES="35"]
[?2004h]0;nikillan@TIGER01345: ~/task1[01;32mnikillan@TIGER01345[00m:[01;34m~/task1[00m$ git init [K
[?2004l[33mhint: Using 'master' as the name for the initial branch. This default branch name[m
[33mhint: is subject to change. To configure the initial branch name to use in all[m
[33mhint: of your new repositories, which will suppress this warning, call:[m
[33mhint: [m
[33mhint: 	git config --global init.defaultBranch <name>[m
[33mhint: [m
[33mhint: Names commonly chosen instead of 'master' are 'main', 'trunk' and[m
[33mhint: 'development'. The just-created branch can be renamed via this command:[m
[33mhint: [m
[33mhint: 	git branch -m <name>[m
Initialized empty Git repository in /home/nikillan/task1/.git/
[?2004h]0;nikillan@TIGER01345: ~/task1[01;32mnikillan@TIGER01345[00m:[01;34m~/task1[00m$ git remote add origin [7mhttps://github.com/nikillan-vadivel/task1.git[27mhttps://github.com/nikillan-vadivel/task1.git
[?2004l[?2004h]0;nikillan@TIGER01345: ~/task1[01;32mnikillan@TIGER01345[00m:[01;34m~/task1[00m$ git pull origin main
[?2004lremote: Enumerating objects: 3, done.[K
remote: Counting objects:  33% (1/3)[Kremote: Counting objects:  66% (2/3)[Kremote: Counting objects: 100% (3/3)[Kremote: Counting objects: 100% (3/3), done.[K
remote: Total 3 (delta 0), reused 0 (delta 0), pack-reused 0[K
Unpacking objects:  33% (1/3)Unpacking objects:  66% (2/3)Unpacking objects: 100% (3/3)Unpacking objects: 100% (3/3), 599 bytes | 299.00 KiB/s, done.
From https://github.com/nikillan-vadivel/task1
 * branch            main       -> FETCH_HEAD
 * [new branch]      main       -> origin/main
[?2004h]0;nikillan@TIGER01345: ~/task1[01;32mnikillan@TIGER01345[00m:[01;34m~/task1[00m$ git branch
[?2004l[?1h=* [32mmaster[m[m
[K[?1l>[?2004h]0;nikillan@TIGER01345: ~/task1[01;32mnikillan@TIGER01345[00m:[01;34m~/task1[00m$ git bra[K[K[Kcheckout main
[?2004lBranch 'main' set up to track remote branch 'main' from 'origin'.
Switched to a new branch 'main'
[?2004h]0;nikillan@TIGER01345: ~/task1[01;32mnikillan@TIGER01345[00m:[01;34m~/task1[00m$ git branch
[?2004l[?1h=* [32mmain[m[m
  master[m[m
[K[?1l>[?2004h]0;nikillan@TIGER01345: ~/task1[01;32mnikillan@TIGER01345[00m:[01;34m~/task1[00m$ touch text_one.gtx[K[K[Ktxt
[?2004l[?2004h]0;nikillan@TIGER01345: ~/task1[01;32mnikillan@TIGER01345[00m:[01;34m~/task1[00m$ no[Kano text_one.txt 
[?2004l[?2004h[?1049h[22;0;0t[1;35r(B[m[4l[?7h[39;49m[?1h=[?1h=[?25l[39;49m(B[m[H[2J[33;68H(B[0;7m[ Reading... ](B[m[33;67H(B[0;7m[ Read 0 lines ](B[m[H(B[0;7m  GNU nano 6.2                                                        text_one.txt                                                                  [1;147H(B[m[34d(B[0;7m^G(B[m Help[34;17H(B[0;7m^O(B[m Write Out    (B[0;7m^W(B[m Where Is     (B[0;7m^K(B[m Cut[34;65H(B[0;7m^T(B[m Execute[81G(B[0;7m^C(B[m Location     (B[0;7mM-U(B[m Undo[34;113H(B[0;7mM-A(B[m Set Mark    (B[0;7mM-](B[m To Bracket[35d(B[0;7m^X(B[m Exit[35;17H(B[0;7m^R(B[m Read File    (B[0;7m^\(B[m Replace[49G(B[0;7m^U(B[m Paste[35;65H(B[0;7m^J(B[m Justify[81G(B[0;7m^/(B[m Go To Line   (B[0;7mM-E(B[m Redo[35;113H(B[0;7mM-6(B[m Copy[35;129H(B[0;7m^Q(B[m Where Was[2d[?12l[?25h[?25l[1;84H(B[0;7m*[147G(B[m[?12l[?25h[2dT[?25l[?12l[?25hh[?25l[?12l[?25hi[?25l[?12l[?25hs[?25l[?12l[?25h [?25l[?12l[?25hi[?25l[?12l[?25hs[?25l[?12l[?25h [?25l[?12l[?25ht[?25l[?12l[?25hh[?25l[?12l[?25he[?25l[?12l[?25h [?25l[?12l[?25hf[?25l[?12l[?25hi[?25l[?12l[?25hr[?25l[?12l[?25hs[?25l[?12l[?25ht[?25l[?12l[?25h [?25l[?12l[?25hf[?25l[33d[K[?12l[?25h[2;20Hi[?25l[?12l[?25hl[?25l[?12l[?25he[?25l[?12l[?25h [?25l[?12l[?25ho[?25l[?12l[?25hf[?25l[?12l[?25h [?25l[?12l[?25ht[?25l[?12l[?25hh[?25l[?12l[?25hi[?25l[?12l[?25hs[?25l[?12l[?25h [?25l[?12l[?25ha[?25l[?12l[?25hs[?25l[?12l[?25hs[?25l[?12l[?25hi[?25l[?12l[?25hg[?25l[?12l[?25hn[?25l[?12l[?25he[?25l[?12l[?25hm[?25l[?12l[?25h [?25l[?12l[?25h [?25l[?12l[?25hm[?25l[?12l[?25he[?25l[?12l[?25hn[?25l[?12l[?25ht[?25l[33d(B[0;7mSave modified buffer?                                                                                                                               [34;1H Y(B[m Yes[K[35d(B[0;7m N(B[m No  [35;18H(B[0;7mC(B[m Cancel[K[33;23H[?12l[?25h[?25l[?12l[?25h[?25l[?12l[?25h[?25l[34d(B[0;7m^G(B[m Help[34;38H(B[0;7mM-D(B[m DOS Format[34;75H(B[0;7mM-A(B[m Append[34;112H(B[0;7mM-B(B[m Backup File[35d(B[0;7m^C(B[m Cancel[17G         [35;38H(B[0;7mM-M(B[m Mac Format[35;75H(B[0;7mM-P(B[m Prepend[35;112H(B[0;7m^T(B[m Browse[33d(B[0;7mFile Name to Write: text_one.txt(B[m[?12l[?25h[?25l[33;67H[1K (B[0;7m[ Cancelled ](B[m[K[34;17H(B[0;7m^O(B[m Write Out    (B[0;7m^W(B[m Where Is     (B[0;7m^K(B[m Cut[34;65H(B[0;7m^T(B[m Execute      (B[0;7m^C(B[m Location     (B[0;7mM-U(B[m Undo[112G (B[0;7mM-A(B[m Set Mark    (B[0;7mM-](B[m To Bracket[35;2H(B[0;7mX(B[m Exit  [17G(B[0;7m^R(B[m Read File    (B[0;7m^\(B[m Replace      (B[0;7m^U(B[m Paste[35;65H(B[0;7m^J(B[m Justify      (B[0;7m^/(B[m Go To Line   (B[0;7mM-E(B[m Redo[112G (B[0;7mM-6(B[m Copy[35;129H(B[0;7m^Q(B[m Where Was[?12l[?25h[2;42H[?25l[33d(B[0;7mSave modified buffer?                                                                                                                               [34;1H Y(B[m Yes[K[35d(B[0;7m N(B[m No  [35;18H(B[0;7mC(B[m Cancel[K[33;23H[?12l[?25h[?25l[34d(B[0;7m^G(B[m Help[34;38H(B[0;7mM-D(B[m DOS Format[34;75H(B[0;7mM-A(B[m Append[34;112H(B[0;7mM-B(B[m Backup File[35d(B[0;7m^C(B[m Cancel[17G         [35;38H(B[0;7mM-M(B[m Mac Format[35;75H(B[0;7mM-P(B[m Prepend[35;112H(B[0;7m^T(B[m Browse[33d(B[0;7mFile Name to Write: text_one.txt(B[m[?12l[?25h[?25l[33;67H[1K (B[0;7m[ Writing... ](B[m[K[1;84H(B[0;7m [147G(B[m[33;67H(B[0;7m[ Wrote 1 line ](B[m[J[35d[?12l[?25h[35;1H[?1049l[23;0;0t[?1l>[?2004l[?2004h]0;nikillan@TIGER01345: ~/task1[01;32mnikillan@TIGER01345[00m:[01;34m~/task1[00m$ cat text_one.txt 
[?2004lThis is the first file of this assignment
[?2004h]0;nikillan@TIGER01345: ~/task1[01;32mnikillan@TIGER01345[00m:[01;34m~/task1[00m$ git c[Kadd text_one.txt 
[?2004l[?2004h]0;nikillan@TIGER01345: ~/task1[01;32mnikillan@TIGER01345[00m:[01;34m~/task1[00m$ git commit -m"th[K[Kf[Kinitial commit"
[?2004l[main b70a6de] initial commit
 1 file changed, 1 insertion(+)
 create mode 100644 text_one.txt
[?2004h]0;nikillan@TIGER01345: ~/task1[01;32mnikillan@TIGER01345[00m:[01;34m~/task1[00m$ git push origin main[K[Kin
[?2004lEnumerating objects: 4, done.
Counting objects:  25% (1/4)Counting objects:  50% (2/4)Counting objects:  75% (3/4)Counting objects: 100% (4/4)Counting objects: 100% (4/4), done.
Delta compression using up to 8 threads
Compressing objects:  50% (1/2)Compressing objects: 100% (2/2)Compressing objects: 100% (2/2), done.
Writing objects:  33% (1/3)Writing objects:  66% (2/3)Writing objects: 100% (3/3)Writing objects: 100% (3/3), 326 bytes | 326.00 KiB/s, done.
Total 3 (delta 0), reused 0 (delta 0), pack-reused 0
To https://github.com/nikillan-vadivel/task1.git
   f2f1122..b70a6de  main -> main
[?2004h]0;nikillan@TIGER01345: ~/task1[01;32mnikillan@TIGER01345[00m:[01;34m~/task1[00m$ git push[K[K[K[Kcheckout master
[?2004lSwitched to branch 'master'
[?2004h]0;nikillan@TIGER01345: ~/task1[01;32mnikillan@TIGER01345[00m:[01;34m~/task1[00m$ ls
[?2004lREADME.md
[?2004h]0;nikillan@TIGER01345: ~/task1[01;32mnikillan@TIGER01345[00m:[01;34m~/task1[00m$ git fetch origin [K main
[?2004lFrom https://github.com/nikillan-vadivel/task1
 * branch            main       -> FETCH_HEAD
[?2004h]0;nikillan@TIGER01345: ~/task1[01;32mnikillan@TIGER01345[00m:[01;34m~/task1[00m$ ls
[?2004lREADME.md
[?2004h]0;nikillan@TIGER01345: ~/task1[01;32mnikillan@TIGER01345[00m:[01;34m~/task1[00m$ git f[Kpull origin mia[K[Kain
[?2004lFrom https://github.com/nikillan-vadivel/task1
 * branch            main       -> FETCH_HEAD
Updating f2f1122..b70a6de
Fast-forward
 text_one.txt | 1 [32m+[m
 1 file changed, 1 insertion(+)
 create mode 100644 text_one.txt
[?2004h]0;nikillan@TIGER01345: ~/task1[01;32mnikillan@TIGER01345[00m:[01;34m~/task1[00m$ nano text_one.txt 
[?2004l[?2004h[?1049h[22;0;0t[1;35r(B[m[4l[?7h[39;49m[?1h=[?1h=[?25l[39;49m(B[m[H[2J[33;68H(B[0;7m[ Reading... ](B[m[33;67H(B[0;7m[ Read 1 line ](B[m[H(B[0;7m  GNU nano 6.2                                                        text_one.txt                                                                  [1;147H(B[m[34d(B[0;7m^G(B[m Help[34;17H(B[0;7m^O(B[m Write Out    (B[0;7m^W(B[m Where Is     (B[0;7m^K(B[m Cut[34;65H(B[0;7m^T(B[m Execute[81G(B[0;7m^C(B[m Location     (B[0;7mM-U(B[m Undo[34;113H(B[0;7mM-A(B[m Set Mark    (B[0;7mM-](B[m To Bracket[35d(B[0;7m^X(B[m Exit[35;17H(B[0;7m^R(B[m Read File    (B[0;7m^\(B[m Replace[49G(B[0;7m^U(B[m Paste[35;65H(B[0;7m^J(B[m Justify[81G(B[0;7m^/(B[m Go To Line   (B[0;7mM-E(B[m Redo[35;113H(B[0;7mM-6(B[m Copy[35;129H(B[0;7m^Q(B[m Where Was[2dThis is the first file of this assignment[?12l[?25h[?25l[?12l[?25h[3d[?25l[1;84H(B[0;7m*[147G(B[m[?12l[?25h[3dT[?25l[?12l[?25hh[?25l[?12l[?25hi[?25l[?12l[?25hs[?25l[?12l[?25h [?25l[?12l[?25hi[?25l[?12l[?25hs[?25l[?12l[?25h [?25l[?12l[?25h[?25l[?12l[?25h [?25l[?12l[?25h [?25l[?12l[?25h[?25l[?12l[?25h [?25l[?12l[?25h [?25l[?12l[?25h [?25l[?12l[?25h[K[?25l[?12l[?25h[A[?25l[?12l[?25hT[?25l[33d[K[?12l[?25h[2dTh[?25l[?12l[?25hi[?25l[?12l[?25hs[?25l[?12l[?25h [?25l[?12l[?25hi[?25l[?12l[?25hs[?25l[?12l[?25h  the first file of this assignment[2;9H[?25l[?12l[?25hn the first file of this assignment[2;10H[?25l[?12l[?25ho the first file of this assignment[2;11H[?25l[?12l[?25ht the first file of this assignment[2;12H[?25l[?12l[?25h  the first file of this assignment[2;13H[?25l[?12l[?25h[1P[?25l[?12l[?25h[3d[?25l[?12l[?25h[4d[?25l[?12l[?25h[A[?25l[?12l[?25hT[?25l[?12l[?25hh[?25l[?12l[?25hi[?25l[?12l[?25hs[?25l[?12l[?25h [?25l[?12l[?25hi[?25l[?12l[?25hs[?25l[?12l[?25h [?25l[?12l[?25hi[?25l[?12l[?25h [?25l[?12l[?25hf[?25l[?12l[?25hr[?25l[?12l[?25ho[?25l[?12l[?25hm[?25l[?12l[?25h [?25l[?12l[?25ht[?25l[?12l[?25hh[?25l[?12l[?25he[?25l[?12l[?25h [?25l[?12l[?25hm[?25l[?12l[?25ha[?25l[?12l[?25hs[?25l[?12l[?25ht[?25l[?12l[?25he[?25l[?12l[?25hr[?25l[?12l[?25h [?25l[?12l[?25hb[?25l[?12l[?25ha[?25l[?12l[?25h [?25l[?12l[?25hr[?25l[?12l[?25ha[?25l[?12l[?25hn[?25l[?12l[?25hc[?25l[?12l[?25hh[?25l[33d(B[0;7mSave modified buffer?                                                                                                                               [34;1H Y(B[m Yes[K[35d(B[0;7m N(B[m No  [35;18H(B[0;7mC(B[m Cancel[K[33;23H[?12l[?25h[?25l[34d(B[0;7m^G(B[m Help[34;38H(B[0;7mM-D(B[m DOS Format[34;75H(B[0;7mM-A(B[m Append[34;112H(B[0;7mM-B(B[m Backup File[35d(B[0;7m^C(B[m Cancel[17G         [35;38H(B[0;7mM-M(B[m Mac Format[35;75H(B[0;7mM-P(B[m Prepend[35;112H(B[0;7m^T(B[m Browse[33d(B[0;7mFile Name to Write: text_one.txt(B[m[?12l[?25h[?25l[33;67H[1K (B[0;7m[ Writing... ](B[m[K[1;84H(B[0;7m [147G(B[m[33;66H(B[0;7m[ Wrote 2 lines ](B[m[J[35d[?12l[?25h[35;1H[?1049l[23;0;0t[?1l>[?2004l[?2004h]0;nikillan@TIGER01345: ~/task1[01;32mnikillan@TIGER01345[00m:[01;34m~/task1[00m$ c[Kgit commit -a -m"commit from[K[Kom master"
[?2004l[master 7360804] commit from master
 1 file changed, 2 insertions(+), 1 deletion(-)
[?2004h]0;nikillan@TIGER01345: ~/task1[01;32mnikillan@TIGER01345[00m:[01;34m~/task1[00m$ git push origin master 
[?2004lEnumerating objects: 5, done.
Counting objects:  20% (1/5)Counting objects:  40% (2/5)Counting objects:  60% (3/5)Counting objects:  80% (4/5)Counting objects: 100% (5/5)Counting objects: 100% (5/5), done.
Delta compression using up to 8 threads
Compressing objects:  33% (1/3)Compressing objects:  66% (2/3)Compressing objects: 100% (3/3)Compressing objects: 100% (3/3), done.
Writing objects:  33% (1/3)Writing objects:  66% (2/3)Writing objects: 100% (3/3)Writing objects: 100% (3/3), 352 bytes | 352.00 KiB/s, done.
Total 3 (delta 0), reused 0 (delta 0), pack-reused 0
remote: 
remote: Create a pull request for 'master' on GitHub by visiting:[K
remote:      https://github.com/nikillan-vadivel/task1/pull/new/master[K
remote: 
To https://github.com/nikillan-vadivel/task1.git
 * [new branch]      master -> master
[?2004h]0;nikillan@TIGER01345: ~/task1[01;32mnikillan@TIGER01345[00m:[01;34m~/task1[00m$ git checkout main
[?2004lSwitched to branch 'main'
Your branch is up to date with 'origin/main'.
[?2004h]0;nikillan@TIGER01345: ~/task1[01;32mnikillan@TIGER01345[00m:[01;34m~/task1[00m$ git merge master
[?2004lUpdating b70a6de..7360804
Fast-forward
 text_one.txt | 3 [32m++[m[31m-[m
 1 file changed, 2 insertions(+), 1 deletion(-)
[?2004h]0;nikillan@TIGER01345: ~/task1[01;32mnikillan@TIGER01345[00m:[01;34m~/task1[00m$ git push origin[K[Kin mas[Kin
[?2004lTotal 0 (delta 0), reused 0 (delta 0), pack-reused 0
To https://github.com/nikillan-vadivel/task1.git
   b70a6de..7360804  main -> main
[?2004h]0;nikillan@TIGER01345: ~/task1[01;32mnikillan@TIGER01345[00m:[01;34m~/task1[00m$ giut [K[K[K[Kt [K[Kit remote -v
[?2004lorigin	https://github.com/nikillan-vadivel/task1.git (fetch)
origin	https://github.com/nikillan-vadivel/task1.git (push)
[?2004h]0;nikillan@TIGER01345: ~/task1[01;32mnikillan@TIGER01345[00m:[01;34m~/task1[00m$ git ls-ter[K[Kree -r main
[?2004l100644 blob a3fe3ad6304ae172ecd12934ce4f5d04c0086a4e	README.md
100644 blob f8c2441a47419f5feb97f0919eb6205497690c46	text_one.txt
[?2004h]0;nikillan@TIGER01345: ~/task1[01;32mnikillan@TIGER01345[00m:[01;34m~/task1[00m$ git status
[?2004lOn branch main
Your branch is up to date with 'origin/main'.

nothing to commit, working tree clean
[?2004h]0;nikillan@TIGER01345: ~/task1[01;32mnikillan@TIGER01345[00m:[01;34m~/task1[00m$ exit[K[K[K[Kgit bra[K[Kranch
[?2004l[?1h=* [32mmain[m[m
  master[m[m
[K[?1l>[?2004h]0;nikillan@TIGER01345: ~/task1[01;32mnikillan@TIGER01345[00m:[01;34m~/task1[00m$ git [K[K[K[Ktouch maintext.txt
[?2004l[?2004h]0;nikillan@TIGER01345: ~/task1[01;32mnikillan@TIGER01345[00m:[01;34m~/task1[00m$ nano maintext.txt 
[?2004l[?2004h[?1049h[22;0;0t[1;35r(B[m[4l[?7h[39;49m[?1h=[?1h=[?25l[39;49m(B[m[H[2J[33;68H(B[0;7m[ Reading... ](B[m[33;67H(B[0;7m[ Read 0 lines ](B[m[H(B[0;7m  GNU nano 6.2                                                        maintext.txt                                                                  [1;147H(B[m[34d(B[0;7m^G(B[m Help[34;17H(B[0;7m^O(B[m Write Out    (B[0;7m^W(B[m Where Is     (B[0;7m^K(B[m Cut[34;65H(B[0;7m^T(B[m Execute[81G(B[0;7m^C(B[m Location     (B[0;7mM-U(B[m Undo[34;113H(B[0;7mM-A(B[m Set Mark    (B[0;7mM-](B[m To Bracket[35d(B[0;7m^X(B[m Exit[35;17H(B[0;7m^R(B[m Read File    (B[0;7m^\(B[m Replace[49G(B[0;7m^U(B[m Paste[35;65H(B[0;7m^J(B[m Justify[81G(B[0;7m^/(B[m Go To Line   (B[0;7mM-E(B[m Redo[35;113H(B[0;7mM-6(B[m Copy[35;129H(B[0;7m^Q(B[m Where Was[2d[?12l[?25h[?25l[1;84H(B[0;7m*[147G(B[m[?12l[?25h[2dT[?25l[?12l[?25hh[?25l[?12l[?25hi[?25l[?12l[?25hs[?25l[?12l[?25h [?25l[?12l[?25hi[?25l[?12l[?25hs[?25l[?12l[?25h [?25l[?12l[?25hn[?25l[?12l[?25h [?25l[?12l[?25ho[?25l[?12l[?25hn[?25l[?12l[?25hl[?25l[?12l[?25hy[?25l[?12l[?25h [?25l[?12l[?25hi[?25l[?12l[?25hn[?25l[?12l[?25h [?25l[?12l[?25hm[?25l[33d[K[?12l[?25h[2;18Ha[?25l[?12l[?25hi[?25l[?12l[?25hn[?25l[?12l[?25h [?25l[?12l[?25hb[?25l[?12l[?25hr[?25l[?12l[?25ha[?25l[?12l[?25hn[?25l[?12l[?25hc[?25l[?12l[?25hh[?25l[33d(B[0;7mSave modified buffer?                                                                                                                               [34;1H Y(B[m Yes[K[35d(B[0;7m N(B[m No  [35;18H(B[0;7mC(B[m Cancel[K[33;23H[?12l[?25h[?25l[34d(B[0;7m^G(B[m Help[34;38H(B[0;7mM-D(B[m DOS Format[34;75H(B[0;7mM-A(B[m Append[34;112H(B[0;7mM-B(B[m Backup File[35d(B[0;7m^C(B[m Cancel[17G         [35;38H(B[0;7mM-M(B[m Mac Format[35;75H(B[0;7mM-P(B[m Prepend[35;112H(B[0;7m^T(B[m Browse[33d(B[0;7mFile Name to Write: maintext.txt(B[m[?12l[?25h[?25l[33;67H[1K (B[0;7m[ Writing... ](B[m[K[1;84H(B[0;7m [147G(B[m[33;67H(B[0;7m[ Wrote 1 line ](B[m[J[35d[?12l[?25h[35;1H[?1049l[23;0;0t[?1l>[?2004l[?2004h]0;nikillan@TIGER01345: ~/task1[01;32mnikillan@TIGER01345[00m:[01;34m~/task1[00m$ git addd .
[?2004lgit: 'addd' is not a git command. See 'git --help'.

The most similar command is
	add
[?2004h]0;nikillan@TIGER01345: ~/task1[01;32mnikillan@TIGER01345[00m:[01;34m~/task1[00m$ git add .
[?2004l[?2004h]0;nikillan@TIGER01345: ~/task1[01;32mnikillan@TIGER01345[00m:[01;34m~/task1[00m$ git commit -m"mai[K[K[Ktet[Kxt file added in main branch"
[?2004l[main 1e2b2ff] text file added in main branch
 1 file changed, 1 insertion(+)
 create mode 100644 maintext.txt
[?2004h]0;nikillan@TIGER01345: ~/task1[01;32mnikillan@TIGER01345[00m:[01;34m~/task1[00m$ git push origin main
[?2004lEnumerating objects: 4, done.
Counting objects:  25% (1/4)Counting objects:  50% (2/4)Counting objects:  75% (3/4)Counting objects: 100% (4/4)Counting objects: 100% (4/4), done.
Delta compression using up to 8 threads
Compressing objects:  50% (1/2)Compressing objects: 100% (2/2)Compressing objects: 100% (2/2), done.
Writing objects:  33% (1/3)Writing objects:  66% (2/3)Writing objects: 100% (3/3)Writing objects: 100% (3/3), 359 bytes | 359.00 KiB/s, done.
Total 3 (delta 0), reused 0 (delta 0), pack-reused 0
To https://github.com/nikillan-vadivel/task1.git
   7360804..1e2b2ff  main -> main
[?2004h]0;nikillan@TIGER01345: ~/task1[01;32mnikillan@TIGER01345[00m:[01;34m~/task1[00m$ git checkout master
[?2004lSwitched to branch 'master'
[?2004h]0;nikillan@TIGER01345: ~/task1[01;32mnikillan@TIGER01345[00m:[01;34m~/task1[00m$ git [K[K[K[Kls
[?2004lREADME.md  text_one.txt
[?2004h]0;nikillan@TIGER01345: ~/task1[01;32mnikillan@TIGER01345[00m:[01;34m~/task1[00m$ git [K[K[K[Ktouch mastertext.txt
[?2004l[?2004h]0;nikillan@TIGER01345: ~/task1[01;32mnikillan@TIGER01345[00m:[01;34m~/task1[00m$ nano master.txt[K[K[K[Ktext.txt 
[?2004l[?2004h[?1049h[22;0;0t[1;35r(B[m[4l[?7h[39;49m[?1h=[?1h=[?25l[39;49m(B[m[H[2J[33;68H(B[0;7m[ Reading... ](B[m[33;67H(B[0;7m[ Read 0 lines ](B[m[H(B[0;7m  GNU nano 6.2                                                       mastertext.txt                                                                 [1;147H(B[m[34d(B[0;7m^G(B[m Help[34;17H(B[0;7m^O(B[m Write Out    (B[0;7m^W(B[m Where Is     (B[0;7m^K(B[m Cut[34;65H(B[0;7m^T(B[m Execute[81G(B[0;7m^C(B[m Location     (B[0;7mM-U(B[m Undo[34;113H(B[0;7mM-A(B[m Set Mark    (B[0;7mM-](B[m To Bracket[35d(B[0;7m^X(B[m Exit[35;17H(B[0;7m^R(B[m Read File    (B[0;7m^\(B[m Replace[49G(B[0;7m^U(B[m Paste[35;65H(B[0;7m^J(B[m Justify[81G(B[0;7m^/(B[m Go To Line   (B[0;7mM-E(B[m Redo[35;113H(B[0;7mM-6(B[m Copy[35;129H(B[0;7m^Q(B[m Where Was[2d[?12l[?25h[?25l[1;85H(B[0;7m*[147G(B[m[?12l[?25h[2dT[?25l[?12l[?25hh[?25l[?12l[?25hi[?25l[?12l[?25hs[?25l[?12l[?25h [?25l[?12l[?25hf[?25l[?12l[?25hi[?25l[?12l[?25hl[?25l[?12l[?25he[?25l[?12l[?25h [?25l[?12l[?25he[?25l[?12l[?25hx[?25l[?12l[?25hi[?25l[?12l[?25hc[?25l[?12l[?25h [?25l[?12l[?25hs[?25l[?12l[?25ht[?25l[?12l[?25hs[?25l[?12l[?25h [?25l[33d[K[?12l[?25h[2;18Hi[?25l[?12l[?25hn[?25l[?12l[?25h [?25l[?12l[?25hm[?25l[?12l[?25ha[?25l[?12l[?25hs[?25l[?12l[?25ht[?25l[?12l[?25he[?25l[?12l[?25hr[?25l[?12l[?25h [?25l[?12l[?25hb[?25l[?12l[?25hr[?25l[?12l[?25ha[?25l[?12l[?25hn[?25l[?12l[?25hc[?25l[?12l[?25hh[?25l[33d(B[0;7mSave modified buffer?                                                                                                                               [34;1H Y(B[m Yes[K[35d(B[0;7m N(B[m No  [35;18H(B[0;7mC(B[m Cancel[K[33;23H[?12l[?25h[?25l[34d(B[0;7m^G(B[m Help[34;38H(B[0;7mM-D(B[m DOS Format[34;75H(B[0;7mM-A(B[m Append[34;112H(B[0;7mM-B(B[m Backup File[35d(B[0;7m^C(B[m Cancel[17G         [35;38H(B[0;7mM-M(B[m Mac Format[35;75H(B[0;7mM-P(B[m Prepend[35;112H(B[0;7m^T(B[m Browse[33d(B[0;7mFile Name to Write: mastertext.txt(B[m[?12l[?25h[?25l[33;67H[1K (B[0;7m[ Writing... ](B[m[K[1;85H(B[0;7m [147G(B[m[33;67H(B[0;7m[ Wrote 1 line ](B[m[J[35d[?12l[?25h[35;1H[?1049l[23;0;0t[?1l>[?2004l[?2004h]0;nikillan@TIGER01345: ~/task1[01;32mnikillan@TIGER01345[00m:[01;34m~/task1[00m$ git co[Ka[K[Kadd .
[?2004l[?2004h]0;nikillan@TIGER01345: ~/task1[01;32mnikillan@TIGER01345[00m:[01;34m~/task1[00m$ git commit -m'[K:[K"text added in master branch:[K"
[?2004l[master ca54309] text added in master branch
 1 file changed, 1 insertion(+)
 create mode 100644 mastertext.txt
[?2004h]0;nikillan@TIGER01345: ~/task1[01;32mnikillan@TIGER01345[00m:[01;34m~/task1[00m$ git push origin master
[?2004lEnumerating objects: 4, done.
Counting objects:  25% (1/4)Counting objects:  50% (2/4)Counting objects:  75% (3/4)Counting objects: 100% (4/4)Counting objects: 100% (4/4), done.
Delta compression using up to 8 threads
Compressing objects:  50% (1/2)Compressing objects: 100% (2/2)Compressing objects: 100% (2/2), done.
Writing objects:  33% (1/3)Writing objects:  66% (2/3)Writing objects: 100% (3/3)Writing objects: 100% (3/3), 367 bytes | 367.00 KiB/s, done.
Total 3 (delta 0), reused 0 (delta 0), pack-reused 0
To https://github.com/nikillan-vadivel/task1.git
   7360804..ca54309  master -> master
[?2004h]0;nikillan@TIGER01345: ~/task1[01;32mnikillan@TIGER01345[00m:[01;34m~/task1[00m$ git [K checkout main
[?2004lSwitched to branch 'main'
Your branch is up to date with 'origin/main'.
[?2004h]0;nikillan@TIGER01345: ~/task1[01;32mnikillan@TIGER01345[00m:[01;34m~/task1[00m$ git merge master
[?2004lhint: Waiting for your editor to close the file... [?2004h[?1049h[22;0;0t[1;35r(B[m[4l[?7h[39;49m[?1h=[?1h=[?25l[39;49m(B[m[H[2J[33;68H(B[0;7m[ Reading... ](B[m[33;67H(B[0;7m[ Read 6 lines ](B[m[H(B[0;7m  GNU nano 6.2                                             /home/nikillan/task1/.git/MERGE_MSG                                                      [1;147H(B[m[34d(B[0;7m^G(B[m Help[34;17H(B[0;7m^O(B[m Write Out    (B[0;7m^W(B[m Where Is     (B[0;7m^K(B[m Cut[34;65H(B[0;7m^T(B[m Execute[81G(B[0;7m^C(B[m Location     (B[0;7mM-U(B[m Undo[34;113H(B[0;7mM-A(B[m Set Mark    (B[0;7mM-](B[m To Bracket[35d(B[0;7m^X(B[m Exit[35;17H(B[0;7m^R(B[m Read File    (B[0;7m^\(B[m Replace[49G(B[0;7m^U(B[m Paste[35;65H(B[0;7m^J(B[m Justify[81G(B[0;7m^/(B[m Go To Line   (B[0;7mM-E(B[m Redo[35;113H(B[0;7mM-6(B[m Copy[35;129H(B[0;7m^Q(B[m Where Was[2dMerge branch 'master'[3d[36m# Please enter a commit message to explain why this merge is necessary,[4d# especially if it merges an updated upstream into a topic branch.[5d#[6d# Lines starting with '#' will be ignored, and an empty message aborts[7d# the commit.[2d[39m(B[m[?12l[?25h[?25l[33d[J[35d[?12l[?25h[35;1H[?1049l[23;0;0t[?1l>[?2004l[KMerge made by the 'ort' strategy.
 mastertext.txt | 1 [32m+[m
 1 file changed, 1 insertion(+)
 create mode 100644 mastertext.txt
[?2004h]0;nikillan@TIGER01345: ~/task1[01;32mnikillan@TIGER01345[00m:[01;34m~/task1[00m$ git push origj[Kin main
[?2004lEnumerating objects: 4, done.
Counting objects:  25% (1/4)Counting objects:  50% (2/4)Counting objects:  75% (3/4)Counting objects: 100% (4/4)Counting objects: 100% (4/4), done.
Delta compression using up to 8 threads
Compressing objects:  50% (1/2)Compressing objects: 100% (2/2)Compressing objects: 100% (2/2), done.
Writing objects:  50% (1/2)Writing objects: 100% (2/2)Writing objects: 100% (2/2), 374 bytes | 374.00 KiB/s, done.
Total 2 (delta 0), reused 0 (delta 0), pack-reused 0
To https://github.com/nikillan-vadivel/task1.git
   1e2b2ff..c3355dc  main -> main
[?2004h]0;nikillan@TIGER01345: ~/task1[01;32mnikillan@TIGER01345[00m:[01;34m~/task1[00m$ git log
[?2004l[?1h=[33mcommit c3355dcd710ec5cdd1f2b81453f5b1d051ff1d42[m[33m ([m[1;36mHEAD -> [m[1;32mmain[m[33m, [m[1;31morigin/main[m[33m)[m[m
Merge: 1e2b2ff ca54309[m
Author: Nikillan <nikillan.vadivel@tigeranalytics.com>[m
Date:   Wed Nov 29 14:46:55 2023 +0530[m
[m
    Merge branch 'master'[m
[m
[33mcommit ca54309e9457c3d034f64b993cbfa63f9b7eba9a[m[33m ([m[1;31morigin/master[m[33m, [m[1;32mmaster[m[33m)[m[m
Author: Nikillan <nikillan.vadivel@tigeranalytics.com>[m
Date:   Wed Nov 29 14:46:23 2023 +0530[m
[m
    text added in master branch[m
[m
[33mcommit 1e2b2ff004be1cb3dfb965b63e003d36b363ae82[m[m
Author: Nikillan <nikillan.vadivel@tigeranalytics.com>[m
Date:   Wed Nov 29 14:44:53 2023 +0530[m
[m
    text file added in main branch[m
[m
[33mcommit 73608043d23198d2945f198830023c5838bed626[m[m
Author: Nikillan <nikillan.vadivel@tigeranalytics.com>[m
Date:   Wed Nov 29 14:40:18 2023 +0530[m
[m
    commit from master[m
[m
[33mcommit b70a6de09daff50eee69dcc78091e87041d23dca[m[m
Author: Nikillan <nikillan.vadivel@tigeranalytics.com>[m
Date:   Wed Nov 29 14:38:04 2023 +0530[m
[m
    initial commit[m
[m
[33mcommit f2f1122b895dda24ae73ca6e365126d1e95a3d81[m[m
Author: nikillan-vadivel <151923223+nikillan-vadivel@users.noreply.github.com>[m
Date:   Wed Nov 29 16:10:21 2023 +0530[m
:[K[H[2J[H[H[2J[H[33mcommit c3355dcd710ec5cdd1f2b81453f5b1d051ff1d42[m[33m ([m[1;36mHEAD -> [m[1;32mmain[m[33m, [m[1;31morigin/main[m[33m)[m[m
Merge: 1e2b2ff ca54309[m
Author: Nikillan <nikillan.vadivel@tigeranalytics.com>[m
Date:   Wed Nov 29 14:46:55 2023 +0530[m
[m
    Merge branch 'master'[m
[m
[33mcommit ca54309e9457c3d034f64b993cbfa63f9b7eba9a[m[33m ([m[1;31morigin/master[m[33m, [m[1;32mmaster[m[33m)[m[m
Author: Nikillan <nikillan.vadivel@tigeranalytics.com>[m
Date:   Wed Nov 29 14:46:23 2023 +0530[m
[m
    text added in master branch[m
[m
[33mcommit 1e2b2ff004be1cb3dfb965b63e003d36b363ae82[m[m
Author: Nikillan <nikillan.vadivel@tigeranalytics.com>[m
Date:   Wed Nov 29 14:44:53 2023 +0530[m
[m
    text file added in main branch[m
[m
[33mcommit 73608043d23198d2945f198830023c5838bed626[m[m
Author: Nikillan <nikillan.vadivel@tigeranalytics.com>[m
Date:   Wed Nov 29 14:40:18 2023 +0530[m
[m
    commit from master[m
[m
[33mcommit b70a6de09daff50eee69dcc78091e87041d23dca[m[m
Author: Nikillan <nikillan.vadivel@tigeranalytics.com>[m
Date:   Wed Nov 29 14:38:04 2023 +0530[m
[m
    initial commit[m
[m
[33mcommit f2f1122b895dda24ae73ca6e365126d1e95a3d81[m[m
Author: nikillan-vadivel <151923223+nikillan-vadivel@users.noreply.github.com>[m
Date:   Wed Nov 29 16:10:21 2023 +0530[m
:[K[K:[K[K[?1l>
[?2004h]0;nikillan@TIGER01345: ~/task1[01;32mnikillan@TIGER01345[00m:[01;34m~/task1[00m$ git git [K[K[K[K[K branch --delete master
[?2004lDeleted branch master (was ca54309).
[?2004h]0;nikillan@TIGER01345: ~/task1[01;32mnikillan@TIGER01345[00m:[01;34m~/task1[00m$ git status
[?2004lOn branch main
Your branch is up to date with 'origin/main'.

nothing to commit, working tree clean
[?2004h]0;nikillan@TIGER01345: ~/task1[01;32mnikillan@TIGER01345[00m:[01;34m~/task1[00m$ git push ior[K[K[Korigin mas[Kin
[?2004lEverything up-to-date
[?2004h]0;nikillan@TIGER01345: ~/task1[01;32mnikillan@TIGER01345[00m:[01;34m~/task1[00m$ git branch
[?2004l[?1h=* [32mmain[m[m
[K[?1l>[?2004h]0;nikillan@TIGER01345: ~/task1[01;32mnikillan@TIGER01345[00m:[01;34m~/task1[00m$ git commit -a -m"branch masa[Kter is deleted"
[?2004lOn branch main
Your branch is up to date with 'origin/main'.

nothing to commit, working tree clean
[?2004h]0;nikillan@TIGER01345: ~/task1[01;32mnikillan@TIGER01345[00m:[01;34m~/task1[00m$ git [K[K[K[Kgit commit -a -m"branch master is deleted"[C[C[C[C[C[C[C[C[C[C[C[C[C[C[C[C[C[C[C[C[C[C[C[C[C[C[C[C[C[C[C[C[Cbranch[Kpbranchubranchsbranchhbranch branch[C[C[C[C[C[C[K[K[K[K[K[K or[K[K[Korigin --delete master
[?2004lTo https://github.com/nikillan-vadivel/task1.git
 - [deleted]         master
[?2004h]0;nikillan@TIGER01345: ~/task1[01;32mnikillan@TIGER01345[00m:[01;34m~/task1[00m$ e[Kgit status
[?2004lOn branch main
Your branch is up to date with 'origin/main'.

nothing to commit, working tree clean
[?2004h]0;nikillan@TIGER01345: ~/task1[01;32mnikillan@TIGER01345[00m:[01;34m~/task1[00m$ exit
[?2004lexit

Script done on 2023-11-29 14:53:04+05:30 [COMMAND_EXIT_CODE="0"]
